Error: Something went wrong

--REPLACED--/pretty_test.go:186
--REPLACED--/pretty_test.go:188
--REPLACED--/pretty_test.go:188
--REPLACED--/pretty_test.go:188
--REPLACED--/pretty_test.go:188
--REPLACED--/pretty_test.go:188
--REPLACED--/pretty_test.go:188
--REPLACED--/pretty_test.go:188
--REPLACED--/pretty_test.go:188
--REPLACED--/pretty_test.go:188
--REPLACED--/pretty_test.go:188