Something went wrong
	--REPLACED--/pretty_test.go:185
	--REPLACED--/pretty_test.go:187
	--REPLACED--/pretty_test.go:187
	--REPLACED--/pretty_test.go:187
	--REPLACED--/pretty_test.go:187
	--REPLACED--/pretty_test.go:187
	--REPLACED--/pretty_test.go:187
	--REPLACED--/pretty_test.go:187
	--REPLACED--/pretty_test.go:187
	--REPLACED--/pretty_test.go:187
	--REPLACED--/pretty_test.go:187