--REPLACED--/stack_trace_test.go:40
--REPLACED--/stack_trace_test.go:42
--REPLACED--/stack_trace_test.go:42
--REPLACED--/stack_trace_test.go:42
--REPLACED--/stack_trace_test.go:42
--REPLACED--/stack_trace_test.go:42
--REPLACED--/stack_trace_test.go:42
--REPLACED--/stack_trace_test.go:42
--REPLACED--/stack_trace_test.go:42
--REPLACED--/stack_trace_test.go:42
--REPLACED--/stack_trace_test.go:42