/Users/axbarsan/_dev/src/github.com/giantswarm/microerror/stack_trace_test.go:40
/Users/axbarsan/_dev/src/github.com/giantswarm/microerror/stack_trace_test.go:42
/Users/axbarsan/_dev/src/github.com/giantswarm/microerror/stack_trace_test.go:42
/Users/axbarsan/_dev/src/github.com/giantswarm/microerror/stack_trace_test.go:42
/Users/axbarsan/_dev/src/github.com/giantswarm/microerror/stack_trace_test.go:42
/Users/axbarsan/_dev/src/github.com/giantswarm/microerror/stack_trace_test.go:42
/Users/axbarsan/_dev/src/github.com/giantswarm/microerror/stack_trace_test.go:42
/Users/axbarsan/_dev/src/github.com/giantswarm/microerror/stack_trace_test.go:42
/Users/axbarsan/_dev/src/github.com/giantswarm/microerror/stack_trace_test.go:42
/Users/axbarsan/_dev/src/github.com/giantswarm/microerror/stack_trace_test.go:42
/Users/axbarsan/_dev/src/github.com/giantswarm/microerror/stack_trace_test.go:42